// Jest Snapshot v1, https://goo.gl/fbAQLP

exports[`Author renders correctly 1`] = `
<div>
  <p>
    Lokesh Sanapalli is a software engineer who loves to solve real world problems using software engineering principles.
    <a
      href="https://www.twitter.com/#"
      rel="noopener noreferrer"
      target="_blank"
    >
      <strong>
        Lokesh Sanapalli
      </strong>
       on Twitter
    </a>
  </p>
</div>
`;
